<?xml version="1.0" encoding="UTF-8"?>
 <bom xmlns="http://cyclonedx.org/schema/bom/1.2" xmlns:bd="http://cyclonedx.org/schema/ext/bom-descriptor/1.0" version="1" serialNumber="urn:uuid:0667955f-34d0-49c1-8062-996dbc636974">
   <components>
     <component type="library">
       <name>package-1</name>
       <version>1.0.1</version>
     </component>
     <component type="library">
       <name>package-2</name>
       <version>2.0.1</version>
       <licenses>
         <license>
           <name>MIT</name>
         </license>
         <license>
           <name>Apache-v2</name>
         </license>
       </licenses>
     </component>
   </components>
   <bd:metadata>
     <bd:timestamp>2020-08-26T15:31:39-04:00</bd:timestamp>
     <bd:tool>
       <bd:vendor>anchore</bd:vendor>
       <bd:name>syft</bd:name>
       <bd:version>[not provided]</bd:version>
     </bd:tool>
     <bd:component type="file">
       <name>/some/path</name>
       <version></version>
     </bd:component>
   </bd:metadata>
 </bom>
