<?xml version="1.0" encoding="UTF-8"?>
<bom xmlns="http://cyclonedx.org/schema/bom/1.2" xmlns:bd="http://cyclonedx.org/schema/ext/bom-descriptor/1.0" version="1" serialNumber="urn:uuid:8a4c332c-365c-454d-a43c-d9344577d105">
  <components>
    <component type="library">
      <name>package1</name>
      <version>1.0.1</version>
      <purl>the-purl-1</purl>
    </component>
    <component type="library">
      <name>package2</name>
      <version>2.0.1</version>
      <licenses>
        <license>
          <name>MIT</name>
        </license>
        <license>
          <name>Apache-v2</name>
        </license>
      </licenses>
      <purl>the-purl-2</purl>
    </component>
  </components>
  <bd:metadata>
    <bd:timestamp>2020-11-19T10:11:26-05:00</bd:timestamp>
    <bd:tool>
      <bd:vendor>anchore</bd:vendor>
      <bd:name>syft</bd:name>
      <bd:version>[not provided]</bd:version>
    </bd:tool>
    <bd:component type="container">
      <name>user-image-input</name>
      <version>sha256:2731251dc34951c0e50fcc643b4c5f74922dad1a5d98f302b504cf46cd5d9368</version>
    </bd:component>
  </bd:metadata>
</bom>
