{
 "artifacts": [
  {
   "id": "66ba429119b8bec6",
   "name": "package-1",
   "version": "1.0.1",
   "type": "python",
   "foundBy": "the-cataloger-1",
   "locations": [
    {
     "path": "/somefile-1.txt",
     "layerID": "sha256:6afd1cb55939d87ba4c298907d0a53059bb3742c2d65314643e2464071cf0a2d"
    }
   ],
   "licenses": [
    "MIT"
   ],
   "language": "python",
   "cpes": [
    "cpe:2.3:*:some:package:1:*:*:*:*:*:*:*"
   ],
   "purl": "a-purl-1",
   "metadataType": "PythonPackageMetadata",
   "metadata": {
    "name": "package-1",
    "version": "1.0.1",
    "license": "",
    "author": "",
    "authorEmail": "",
    "platform": "",
    "sitePackagesRootPath": ""
   }
  },
  {
   "id": "958443e2d9304af4",
   "name": "package-2",
   "version": "2.0.1",
   "type": "deb",
   "foundBy": "the-cataloger-2",
   "locations": [
    {
     "path": "/somefile-2.txt",
     "layerID": "sha256:657997cff9a836139186239bdfe77250239a700d0ed97d57e101c295e8244319"
    }
   ],
   "licenses": [],
   "language": "",
   "cpes": [
    "cpe:2.3:*:some:package:2:*:*:*:*:*:*:*"
   ],
   "purl": "pkg:deb/debian/package-2@2.0.1",
   "metadataType": "DpkgMetadata",
   "metadata": {
    "package": "package-2",
    "source": "",
    "version": "2.0.1",
    "sourceVersion": "",
    "architecture": "",
    "maintainer": "",
    "installedSize": 0,
    "files": null
   }
  }
 ],
 "artifactRelationships": [],
 "source": {
  "id": "c85f7ae1b0ac38342c1cf1a6f7ea2b4b1ddc49cd1b24219ebd05dc10b3303491",
  "type": "image",
  "target": {
   "userInput": "user-image-input",
   "imageID": "sha256:b5c0bfa8bcf70c75d92ebebbf76af667906d56e6fad50c37e7f93df824a64b79",
   "manifestDigest": "sha256:2731251dc34951c0e50fcc643b4c5f74922dad1a5d98f302b504cf46cd5d9368",
   "mediaType": "application/vnd.docker.distribution.manifest.v2+json",
   "tags": [
    "stereoscope-fixture-image-simple:85066c51088bdd274f7a89e99e00490f666c49e72ffc955707cd6e18f0e22c5b"
   ],
   "imageSize": 38,
   "layers": [
    {
     "mediaType": "application/vnd.docker.image.rootfs.diff.tar.gzip",
     "digest": "sha256:6afd1cb55939d87ba4c298907d0a53059bb3742c2d65314643e2464071cf0a2d",
     "size": 22
    },
    {
     "mediaType": "application/vnd.docker.image.rootfs.diff.tar.gzip",
     "digest": "sha256:657997cff9a836139186239bdfe77250239a700d0ed97d57e101c295e8244319",
     "size": 16
    }
   ],
   "manifest": "eyJzY2hlbWFWZXJzaW9uIjoyLCJtZWRpYVR5cGUiOiJhcHBsaWNhdGlvbi92bmQuZG9ja2VyLmRpc3RyaWJ1dGlvbi5tYW5pZmVzdC52Mitqc29uIiwiY29uZmlnIjp7Im1lZGlhVHlwZSI6ImFwcGxpY2F0aW9uL3ZuZC5kb2NrZXIuY29udGFpbmVyLmltYWdlLnYxK2pzb24iLCJzaXplIjo2NzMsImRpZ2VzdCI6InNoYTI1NjpiNWMwYmZhOGJjZjcwYzc1ZDkyZWJlYmJmNzZhZjY2NzkwNmQ1NmU2ZmFkNTBjMzdlN2Y5M2RmODI0YTY0Yjc5In0sImxheWVycyI6W3sibWVkaWFUeXBlIjoiYXBwbGljYXRpb24vdm5kLmRvY2tlci5pbWFnZS5yb290ZnMuZGlmZi50YXIuZ3ppcCIsInNpemUiOjIwNDgsImRpZ2VzdCI6InNoYTI1Njo2YWZkMWNiNTU5MzlkODdiYTRjMjk4OTA3ZDBhNTMwNTliYjM3NDJjMmQ2NTMxNDY0M2UyNDY0MDcxY2YwYTJkIn0seyJtZWRpYVR5cGUiOiJhcHBsaWNhdGlvbi92bmQuZG9ja2VyLmltYWdlLnJvb3Rmcy5kaWZmLnRhci5nemlwIiwic2l6ZSI6MjA0OCwiZGlnZXN0Ijoic2hhMjU2OjY1Nzk5N2NmZjlhODM2MTM5MTg2MjM5YmRmZTc3MjUwMjM5YTcwMGQwZWQ5N2Q1N2UxMDFjMjk1ZTgyNDQzMTkifV19",
   "config": "eyJhcmNoaXRlY3R1cmUiOiJhbWQ2NCIsImNvbmZpZyI6eyJFbnYiOlsiUEFUSD0vdXNyL2xvY2FsL3NiaW46L3Vzci9sb2NhbC9iaW46L3Vzci9zYmluOi91c3IvYmluOi9zYmluOi9iaW4iXSwiV29ya2luZ0RpciI6Ii8iLCJPbkJ1aWxkIjpudWxsfSwiY3JlYXRlZCI6IjIwMjItMDgtMjVUMTY6MjI6MDguODkxMzY0Mjc4WiIsImhpc3RvcnkiOlt7ImNyZWF0ZWQiOiIyMDIyLTA4LTI1VDE2OjIyOjA4Ljc2MzMzMDMyM1oiLCJjcmVhdGVkX2J5IjoiQUREIGZpbGUtMS50eHQgL3NvbWVmaWxlLTEudHh0ICMgYnVpbGRraXQiLCJjb21tZW50IjoiYnVpbGRraXQuZG9ja2VyZmlsZS52MCJ9LHsiY3JlYXRlZCI6IjIwMjItMDgtMjVUMTY6MjI6MDguODkxMzY0Mjc4WiIsImNyZWF0ZWRfYnkiOiJBREQgZmlsZS0yLnR4dCAvc29tZWZpbGUtMi50eHQgIyBidWlsZGtpdCIsImNvbW1lbnQiOiJidWlsZGtpdC5kb2NrZXJmaWxlLnYwIn1dLCJvcyI6ImxpbnV4Iiwicm9vdGZzIjp7InR5cGUiOiJsYXllcnMiLCJkaWZmX2lkcyI6WyJzaGEyNTY6NmFmZDFjYjU1OTM5ZDg3YmE0YzI5ODkwN2QwYTUzMDU5YmIzNzQyYzJkNjUzMTQ2NDNlMjQ2NDA3MWNmMGEyZCIsInNoYTI1Njo2NTc5OTdjZmY5YTgzNjEzOTE4NjIzOWJkZmU3NzI1MDIzOWE3MDBkMGVkOTdkNTdlMTAxYzI5NWU4MjQ0MzE5Il19fQ==",
   "repoDigests": [],
   "architecture": "",
   "os": ""
  }
 },
 "distro": {
  "prettyName": "debian",
  "name": "debian",
  "id": "debian",
  "idLike": [
   "like!"
  ],
  "version": "1.2.3",
  "versionID": "1.2.3"
 },
 "descriptor": {
  "name": "syft",
  "version": "v0.42.0-bogus",
  "configuration": {
   "config-key": "config-value"
  }
 },
 "schema": {
  "version": "6.1.0",
  "url": "https://raw.githubusercontent.com/anchore/syft/main/schema/json/schema-6.1.0.json"
 }
}
