{
 "artifacts": [
  {
   "id": "2a56b96c604f3ab3",
   "name": "package-1",
   "version": "1.0.1",
   "type": "python",
   "foundBy": "the-cataloger-1",
   "locations": [
    {
     "path": "/somefile-1.txt",
     "layerID": "sha256:0afd7ddb47f6ad8614573dda60a4426a8da7bb65f82f0ab4d8b7d6b82a8e76b7"
    }
   ],
   "licenses": [
    "MIT"
   ],
   "language": "python",
   "cpes": [
    "cpe:2.3:*:some:package:1:*:*:*:*:*:*:*"
   ],
   "purl": "a-purl-1",
   "metadataType": "PythonPackageMetadata",
   "metadata": {
    "name": "package-1",
    "version": "1.0.1",
    "license": "",
    "author": "",
    "authorEmail": "",
    "platform": "",
    "sitePackagesRootPath": ""
   }
  },
  {
   "id": "982bd655c9957788",
   "name": "package-2",
   "version": "2.0.1",
   "type": "deb",
   "foundBy": "the-cataloger-2",
   "locations": [
    {
     "path": "/somefile-2.txt",
     "layerID": "sha256:f66c6703d656b8de6e6817d1cbffa9471701900206c5637a7f724ed0919bf2b1"
    }
   ],
   "licenses": [],
   "language": "",
   "cpes": [
    "cpe:2.3:*:some:package:2:*:*:*:*:*:*:*"
   ],
   "purl": "pkg:deb/debian/package-2@2.0.1",
   "metadataType": "DpkgMetadata",
   "metadata": {
    "package": "package-2",
    "source": "",
    "version": "2.0.1",
    "sourceVersion": "",
    "architecture": "",
    "maintainer": "",
    "installedSize": 0,
    "files": null
   }
  }
 ],
 "artifactRelationships": [],
 "source": {
  "type": "image",
  "target": {
   "userInput": "user-image-input",
   "imageID": "sha256:97bf244b0a0482eba3aac7b4e663865a470facad1c58bbddc59d1ef9518a01be",
   "manifestDigest": "sha256:2731251dc34951c0e50fcc643b4c5f74922dad1a5d98f302b504cf46cd5d9368",
   "mediaType": "application/vnd.docker.distribution.manifest.v2+json",
   "tags": [
    "stereoscope-fixture-image-simple:85066c51088bdd274f7a89e99e00490f666c49e72ffc955707cd6e18f0e22c5b"
   ],
   "imageSize": 38,
   "layers": [
    {
     "mediaType": "application/vnd.docker.image.rootfs.diff.tar.gzip",
     "digest": "sha256:0afd7ddb47f6ad8614573dda60a4426a8da7bb65f82f0ab4d8b7d6b82a8e76b7",
     "size": 22
    },
    {
     "mediaType": "application/vnd.docker.image.rootfs.diff.tar.gzip",
     "digest": "sha256:f66c6703d656b8de6e6817d1cbffa9471701900206c5637a7f724ed0919bf2b1",
     "size": 16
    }
   ],
   "manifest": "eyJzY2hlbWFWZXJzaW9uIjoyLCJtZWRpYVR5cGUiOiJhcHBsaWNhdGlvbi92bmQuZG9ja2VyLmRpc3RyaWJ1dGlvbi5tYW5pZmVzdC52Mitqc29uIiwiY29uZmlnIjp7Im1lZGlhVHlwZSI6ImFwcGxpY2F0aW9uL3ZuZC5kb2NrZXIuY29udGFpbmVyLmltYWdlLnYxK2pzb24iLCJzaXplIjo2NzMsImRpZ2VzdCI6InNoYTI1Njo5N2JmMjQ0YjBhMDQ4MmViYTNhYWM3YjRlNjYzODY1YTQ3MGZhY2FkMWM1OGJiZGRjNTlkMWVmOTUxOGEwMWJlIn0sImxheWVycyI6W3sibWVkaWFUeXBlIjoiYXBwbGljYXRpb24vdm5kLmRvY2tlci5pbWFnZS5yb290ZnMuZGlmZi50YXIuZ3ppcCIsInNpemUiOjIwNDgsImRpZ2VzdCI6InNoYTI1NjowYWZkN2RkYjQ3ZjZhZDg2MTQ1NzNkZGE2MGE0NDI2YThkYTdiYjY1ZjgyZjBhYjRkOGI3ZDZiODJhOGU3NmI3In0seyJtZWRpYVR5cGUiOiJhcHBsaWNhdGlvbi92bmQuZG9ja2VyLmltYWdlLnJvb3Rmcy5kaWZmLnRhci5nemlwIiwic2l6ZSI6MjA0OCwiZGlnZXN0Ijoic2hhMjU2OmY2NmM2NzAzZDY1NmI4ZGU2ZTY4MTdkMWNiZmZhOTQ3MTcwMTkwMDIwNmM1NjM3YTdmNzI0ZWQwOTE5YmYyYjEifV19",
   "config": "eyJhcmNoaXRlY3R1cmUiOiJhbWQ2NCIsImNvbmZpZyI6eyJFbnYiOlsiUEFUSD0vdXNyL2xvY2FsL3NiaW46L3Vzci9sb2NhbC9iaW46L3Vzci9zYmluOi91c3IvYmluOi9zYmluOi9iaW4iXSwiV29ya2luZ0RpciI6Ii8iLCJPbkJ1aWxkIjpudWxsfSwiY3JlYXRlZCI6IjIwMjItMTAtMDVUMTc6NTM6MTMuMzQ1MjkwMzc2WiIsImhpc3RvcnkiOlt7ImNyZWF0ZWQiOiIyMDIyLTEwLTA1VDE3OjUzOjEzLjMwNjI5MzYyNVoiLCJjcmVhdGVkX2J5IjoiQUREIGZpbGUtMS50eHQgL3NvbWVmaWxlLTEudHh0ICMgYnVpbGRraXQiLCJjb21tZW50IjoiYnVpbGRraXQuZG9ja2VyZmlsZS52MCJ9LHsiY3JlYXRlZCI6IjIwMjItMTAtMDVUMTc6NTM6MTMuMzQ1MjkwMzc2WiIsImNyZWF0ZWRfYnkiOiJBREQgZmlsZS0yLnR4dCAvc29tZWZpbGUtMi50eHQgIyBidWlsZGtpdCIsImNvbW1lbnQiOiJidWlsZGtpdC5kb2NrZXJmaWxlLnYwIn1dLCJvcyI6ImxpbnV4Iiwicm9vdGZzIjp7InR5cGUiOiJsYXllcnMiLCJkaWZmX2lkcyI6WyJzaGEyNTY6MGFmZDdkZGI0N2Y2YWQ4NjE0NTczZGRhNjBhNDQyNmE4ZGE3YmI2NWY4MmYwYWI0ZDhiN2Q2YjgyYThlNzZiNyIsInNoYTI1NjpmNjZjNjcwM2Q2NTZiOGRlNmU2ODE3ZDFjYmZmYTk0NzE3MDE5MDAyMDZjNTYzN2E3ZjcyNGVkMDkxOWJmMmIxIl19fQ==",
   "repoDigests": [],
   "architecture": "",
   "os": ""
  }
 },
 "distro": {
  "prettyName": "debian",
  "name": "debian",
  "id": "debian",
  "idLike": [
   "like!"
  ],
  "version": "1.2.3",
  "versionID": "1.2.3"
 },
 "descriptor": {
  "name": "syft",
  "version": "v0.42.0-bogus",
  "configuration": {
   "config-key": "config-value"
  }
 },
 "schema": {
  "version": "4.0.0",
  "url": "https://raw.githubusercontent.com/anchore/syft/main/schema/json/schema-4.0.0.json"
 }
}
