{
 "SPDXID": "SPDXRef-DOCUMENT",
 "name": "user-image-input",
 "spdxVersion": "SPDX-2.2",
 "creationInfo": {
  "created": "2022-04-01T15:48:39.465643Z",
  "creators": [
   "Organization: Anchore, Inc",
   "Tool: syft-[not provided]"
  ],
  "licenseListVersion": "3.16"
 },
 "dataLicense": "CC0-1.0",
 "documentNamespace": "https://anchore.com/syft/image/user-image-input-e64e0be8-5031-4eec-842d-e59fb6deb518",
 "packages": [
  {
   "SPDXID": "SPDXRef-2a46171f91c8d4bc",
   "name": "package-1",
   "licenseConcluded": "MIT",
   "downloadLocation": "NOASSERTION",
   "externalRefs": [
    {
     "referenceCategory": "SECURITY",
     "referenceLocator": "cpe:2.3:*:some:package:1:*:*:*:*:*:*:*",
     "referenceType": "cpe23Type"
    },
    {
     "referenceCategory": "PACKAGE_MANAGER",
     "referenceLocator": "a-purl-1",
     "referenceType": "purl"
    }
   ],
   "filesAnalyzed": false,
   "licenseDeclared": "MIT",
   "sourceInfo": "acquired package info from installed python package manifest file: /somefile-1.txt",
   "versionInfo": "1.0.1"
  },
  {
   "SPDXID": "SPDXRef-ae77680e9b1d087e",
   "name": "package-2",
   "licenseConcluded": "NONE",
   "downloadLocation": "NOASSERTION",
   "externalRefs": [
    {
     "referenceCategory": "SECURITY",
     "referenceLocator": "cpe:2.3:*:some:package:2:*:*:*:*:*:*:*",
     "referenceType": "cpe23Type"
    },
    {
     "referenceCategory": "PACKAGE_MANAGER",
     "referenceLocator": "pkg:deb/debian/package-2@2.0.1",
     "referenceType": "purl"
    }
   ],
   "filesAnalyzed": false,
   "licenseDeclared": "NONE",
   "sourceInfo": "acquired package info from DPKG DB: /somefile-2.txt",
   "versionInfo": "2.0.1"
  }
 ]
}
