{
 "SPDXID": "SPDXRef-DOCUMENT",
 "name": "/some/path",
 "spdxVersion": "SPDX-2.2",
 "creationInfo": {
  "created": "2021-12-15T23:56:14.459753Z",
  "creators": [
   "Organization: Anchore, Inc",
   "Tool: syft-[not provided]"
  ],
  "licenseListVersion": "3.15"
 },
 "dataLicense": "CC0-1.0",
 "documentNamespace": "https://anchore.com/syft/dir/some/path-7ed51d00-2c50-4c6d-aedc-271ed41009cb",
 "packages": [
  {
   "SPDXID": "SPDXRef-96e6e51fe8ba6d8b",
   "name": "package-1",
   "licenseConcluded": "MIT",
   "downloadLocation": "NOASSERTION",
   "externalRefs": [
    {
     "referenceCategory": "SECURITY",
     "referenceLocator": "cpe:2.3:*:some:package:2:*:*:*:*:*:*:*",
     "referenceType": "cpe23Type"
    },
    {
     "referenceCategory": "PACKAGE_MANAGER",
     "referenceLocator": "a-purl-2",
     "referenceType": "purl"
    }
   ],
   "filesAnalyzed": false,
   "licenseDeclared": "MIT",
   "sourceInfo": "acquired package info from installed python package manifest file: /some/path/pkg1",
   "versionInfo": "1.0.1"
  },
  {
   "SPDXID": "SPDXRef-ad3d1c4abd84bf75",
   "name": "package-2",
   "licenseConcluded": "NONE",
   "downloadLocation": "NOASSERTION",
   "externalRefs": [
    {
     "referenceCategory": "SECURITY",
     "referenceLocator": "cpe:2.3:*:some:package:2:*:*:*:*:*:*:*",
     "referenceType": "cpe23Type"
    },
    {
     "referenceCategory": "PACKAGE_MANAGER",
     "referenceLocator": "a-purl-2",
     "referenceType": "purl"
    }
   ],
   "filesAnalyzed": false,
   "licenseDeclared": "NONE",
   "sourceInfo": "acquired package info from DPKG DB: /some/path/pkg1",
   "versionInfo": "2.0.1"
  }
 ]
}
