{
  "bomFormat": "CycloneDX",
  "specVersion": "1.4",
  "serialNumber": "urn:uuid:d0c9eadf-196b-48e0-a314-a1d92046fd2b",
  "version": 1,
  "metadata": {
    "timestamp": "2022-04-08T23:15:28+08:00",
    "tools": [
      {
        "vendor": "anchore",
        "name": "syft",
        "version": "v0.42.0-bogus"
      }
    ],
    "component": {
      "bom-ref": "7ed2d2d27a8f2b13",
      "type": "container",
      "name": "user-image-input",
      "version": "sha256:2731251dc34951c0e50fcc643b4c5f74922dad1a5d98f302b504cf46cd5d9368"
    }
  },
  "components": [
    {
      "bom-ref": "2a46171f91c8d4bc",
      "type": "library",
      "name": "package-1",
      "version": "1.0.1",
      "licenses": [
        {
          "license": {
            "id": "MIT"
          }
        }
      ],
      "cpe": "cpe:2.3:*:some:package:1:*:*:*:*:*:*:*",
      "purl": "a-purl-1",
      "properties": [
        {
          "name": "syft:package:foundBy",
          "value": "the-cataloger-1"
        },
        {
          "name": "syft:package:language",
          "value": "python"
        },
        {
          "name": "syft:package:metadataType",
          "value": "PythonPackageMetadata"
        },
        {
          "name": "syft:package:type",
          "value": "python"
        },
        {
          "name": "syft:location:0:layerID",
          "value": "sha256:7f11abb1b83da28ce374f1e6535949b58ba8dd848cb55859b493f839aaa6a85d"
        },
        {
          "name": "syft:location:0:path",
          "value": "/somefile-1.txt"
        }
      ]
    },
    {
      "bom-ref": "pkg:deb/debian/package-2@2.0.1?syft-id=ae77680e9b1d087e",
      "type": "library",
      "name": "package-2",
      "version": "2.0.1",
      "cpe": "cpe:2.3:*:some:package:2:*:*:*:*:*:*:*",
      "purl": "pkg:deb/debian/package-2@2.0.1",
      "properties": [
        {
          "name": "syft:package:foundBy",
          "value": "the-cataloger-2"
        },
        {
          "name": "syft:package:metadataType",
          "value": "DpkgMetadata"
        },
        {
          "name": "syft:package:type",
          "value": "deb"
        },
        {
          "name": "syft:location:0:layerID",
          "value": "sha256:82cebd2161fac27a7815709eb5167086b5a1391119bdf7c7be27ee1f5a33c942"
        },
        {
          "name": "syft:location:0:path",
          "value": "/somefile-2.txt"
        },
        {
          "name": "syft:metadata:installedSize",
          "value": "0"
        }
      ]
    },
    {
      "type": "operating-system",
      "name": "debian",
      "version": "1.2.3",
      "description": "debian",
      "swid": {
        "tagId": "debian",
        "name": "debian",
        "version": "1.2.3"
      },
      "properties": [
        {
          "name": "syft:distro:id",
          "value": "debian"
        },
        {
          "name": "syft:distro:idLike:0",
          "value": "like!"
        },
        {
          "name": "syft:distro:prettyName",
          "value": "debian"
        },
        {
          "name": "syft:distro:versionID",
          "value": "1.2.3"
        }
      ]
    }
  ]
}
