<?xml version="1.0" encoding="UTF-8"?>
<bom xmlns="http://cyclonedx.org/schema/bom/1.7" serialNumber="redacted" version="1">
  <metadata>
    <timestamp>redacted</timestamp>
    <tools>
      <components>
        <component type="application">
          <author>anchore</author>
          <name>syft</name>
          <version>v0.42.0-bogus</version>
        </component>
      </components>
    </tools>
    <component bom-ref="redacted" type="file">
      <name>some/path</name>
    </component>
  </metadata>
  <components>
    <component bom-ref="pkg:deb/debian/attr@1%3A2.4.47-2%2Bb1?arch=amd64&amp;distro=debian-12&amp;package-id=5cc0e8979d7f5115&amp;upstream=attr%401%3A2.4.47-2" type="library">
      <name>attr</name>
      <version>1:2.4.47-2+b1</version>
      <purl>pkg:deb/debian/attr@1%3A2.4.47-2%2Bb1?arch=amd64&amp;distro=debian-12&amp;upstream=attr%401%3A2.4.47-2</purl>
      <externalReferences>
        <reference type="source-distribution">
          <url>pkg:deb/debian/attr@1%3A2.4.47-2?arch=source&amp;distro=debian-12</url>
        </reference>
      </externalReferences>
      <properties>
        <property name="syft:package:foundBy">dpkg-db-cataloger</property>
        <property name="syft:package:type">deb</property>
        <property name="syft:package:metadataType">dpkg-db-entry</property>
        <property name="syft:location:0:path">/var/lib/dpkg/status</property>
        <property name="syft:metadata:installedSize">0</property>
        <property name="syft:metadata:source">attr</property>
        <property name="syft:metadata:sourceVersion">1:2.4.47-2</property>
      </properties>
    </component>
    <component bom-ref="pkg:rpm/centos/bind-export-libs@9.11.13-3.el8?arch=x86_64&amp;distro=centos-8&amp;epoch=32&amp;package-id=6008fca05ca7b418&amp;upstream=bind-9.11.13-3.el8.src.rpm" type="library">
      <name>bind-export-libs</name>
      <version>32:9.11.13-3.el8</version>
      <purl>pkg:rpm/centos/bind-export-libs@9.11.13-3.el8?arch=x86_64&amp;distro=centos-8&amp;epoch=32&amp;upstream=bind-9.11.13-3.el8.src.rpm</purl>
      <externalReferences>
        <reference type="source-distribution">
          <url>pkg:rpm/centos/bind@9.11.13-3.el8?arch=source&amp;distro=centos-8&amp;epoch=32</url>
        </reference>
      </externalReferences>
      <properties>
        <property name="syft:package:foundBy">rpm-db-cataloger</property>
        <property name="syft:package:type">rpm</property>
        <property name="syft:package:metadataType">rpm-db-entry</property>
        <property name="syft:location:0:path">/var/lib/rpm/Packages</property>
        <property name="syft:metadata:epoch">32</property>
        <property name="syft:metadata:release">3.el8</property>
        <property name="syft:metadata:size">0</property>
        <property name="syft:metadata:sourceRpm">bind-9.11.13-3.el8.src.rpm</property>
      </properties>
    </component>
    <component bom-ref="pkg:apk/alpine/busybox@1.35.0-r17?arch=x86_64&amp;distro=alpine-3.16.3&amp;package-id=aa74af1190de1c40" type="library">
      <name>busybox</name>
      <version>1.35.0-r17</version>
      <purl>pkg:apk/alpine/busybox@1.35.0-r17?arch=x86_64&amp;distro=alpine-3.16.3</purl>
      <properties>
        <property name="syft:package:foundBy">apk-db-cataloger</property>
        <property name="syft:package:type">apk</property>
        <property name="syft:package:metadataType">apk-db-entry</property>
        <property name="syft:location:0:path">/lib/apk/db/installed</property>
        <property name="syft:metadata:installedSize">0</property>
        <property name="syft:metadata:originPackage">busybox</property>
        <property name="syft:metadata:size">0</property>
      </properties>
    </component>
    <component bom-ref="pkg:alpm/arch/gcc-libs@13.2.1-3?arch=x86_64&amp;distro=arch-rolling&amp;package-id=58a2fcf749a9a3cc&amp;upstream=gcc" type="library">
      <name>gcc-libs</name>
      <version>13.2.1-3</version>
      <purl>pkg:alpm/arch/gcc-libs@13.2.1-3?arch=x86_64&amp;distro=arch-rolling&amp;upstream=gcc</purl>
      <externalReferences>
        <reference type="source-distribution">
          <url>pkg:alpm/arch/gcc@13.2.1-3?arch=source&amp;distro=arch-rolling</url>
        </reference>
      </externalReferences>
      <properties>
        <property name="syft:package:foundBy">alpm-db-cataloger</property>
        <property name="syft:package:type">alpm</property>
        <property name="syft:package:metadataType">alpm-db-entry</property>
        <property name="syft:location:0:path">/var/lib/pacman/local/gcc-libs-13.2.1-3/desc</property>
        <property name="syft:metadata:architecture">x86_64</property>
        <property name="syft:metadata:basepackage">gcc</property>
        <property name="syft:metadata:package">gcc-libs</property>
        <property name="syft:metadata:size">0</property>
        <property name="syft:metadata:version">13.2.1-3</property>
      </properties>
    </component>
    <component bom-ref="pkg:apk/alpine/libc-utils@0.7.2-r3?arch=x86_64&amp;distro=alpine-3.16.3&amp;package-id=16a8c7b19fde6f4f&amp;upstream=libc-dev" type="library">
      <name>libc-utils</name>
      <version>0.7.2-r3</version>
      <purl>pkg:apk/alpine/libc-utils@0.7.2-r3?arch=x86_64&amp;distro=alpine-3.16.3&amp;upstream=libc-dev</purl>
      <externalReferences>
        <reference type="source-distribution">
          <url>pkg:apk/alpine/libc-dev@0.7.2-r3?arch=source&amp;distro=alpine-3.16.3</url>
        </reference>
      </externalReferences>
      <properties>
        <property name="syft:package:foundBy">apk-db-cataloger</property>
        <property name="syft:package:type">apk</property>
        <property name="syft:package:metadataType">apk-db-entry</property>
        <property name="syft:location:0:path">/lib/apk/db/installed</property>
        <property name="syft:metadata:installedSize">0</property>
        <property name="syft:metadata:originPackage">libc-dev</property>
        <property name="syft:metadata:size">0</property>
      </properties>
    </component>
    <component bom-ref="pkg:deb/debian/libpam-runtime@1.5.2-6%2Bdeb12u1?arch=all&amp;distro=debian-12&amp;package-id=7b4ddc97df57aec4&amp;upstream=pam" type="library">
      <name>libpam-runtime</name>
      <version>1.5.2-6+deb12u1</version>
      <purl>pkg:deb/debian/libpam-runtime@1.5.2-6%2Bdeb12u1?arch=all&amp;distro=debian-12&amp;upstream=pam</purl>
      <externalReferences>
        <reference type="source-distribution">
          <url>pkg:deb/debian/pam@1.5.2-6%2Bdeb12u1?arch=source&amp;distro=debian-12</url>
        </reference>
      </externalReferences>
      <properties>
        <property name="syft:package:foundBy">dpkg-db-cataloger</property>
        <property name="syft:package:type">deb</property>
        <property name="syft:package:metadataType">dpkg-db-entry</property>
        <property name="syft:location:0:path">/var/lib/dpkg/status</property>
        <property name="syft:metadata:installedSize">0</property>
        <property name="syft:metadata:source">pam</property>
      </properties>
    </component>
  </components>
</bom>