{
 "SPDXID": "SPDXRef-DOCUMENT",
 "name": "user-image-input",
 "spdxVersion": "SPDX-2.2",
 "creationInfo": {
  "created": "2022-11-07T14:11:33.941498Z",
  "creators": [
   "Organization: Anchore, Inc",
   "Tool: syft-v0.42.0-bogus"
  ],
  "licenseListVersion": "3.18"
 },
 "dataLicense": "CC0-1.0",
 "documentNamespace": "https://anchore.com/syft/image/user-image-input-797c013c-1d76-4d3e-9391-521152bfc87d",
 "packages": [
  {
   "SPDXID": "SPDXRef-66ba429119b8bec6",
   "name": "package-1",
   "licenseConcluded": "MIT",
   "downloadLocation": "NOASSERTION",
   "externalRefs": [
    {
     "referenceCategory": "SECURITY",
     "referenceLocator": "cpe:2.3:*:some:package:1:*:*:*:*:*:*:*",
     "referenceType": "cpe23Type"
    },
    {
     "referenceCategory": "PACKAGE_MANAGER",
     "referenceLocator": "a-purl-1",
     "referenceType": "purl"
    }
   ],
   "filesAnalyzed": false,
   "licenseDeclared": "MIT",
   "sourceInfo": "acquired package info from installed python package manifest file: /somefile-1.txt",
   "versionInfo": "1.0.1"
  },
  {
   "SPDXID": "SPDXRef-958443e2d9304af4",
   "name": "package-2",
   "licenseConcluded": "NONE",
   "downloadLocation": "NOASSERTION",
   "externalRefs": [
    {
     "referenceCategory": "SECURITY",
     "referenceLocator": "cpe:2.3:*:some:package:2:*:*:*:*:*:*:*",
     "referenceType": "cpe23Type"
    },
    {
     "referenceCategory": "PACKAGE_MANAGER",
     "referenceLocator": "pkg:deb/debian/package-2@2.0.1",
     "referenceType": "purl"
    }
   ],
   "filesAnalyzed": false,
   "licenseDeclared": "NONE",
   "sourceInfo": "acquired package info from DPKG DB: /somefile-2.txt",
   "versionInfo": "2.0.1"
  }
 ]
}
