{
 "SPDXID": "SPDXRef-DOCUMENT",
 "name": "/some/path",
 "spdxVersion": "SPDX-2.2",
 "creationInfo": {
  "created": "2022-10-05T19:47:00.536845Z",
  "creators": [
   "Organization: Anchore, Inc",
   "Tool: syft-v0.42.0-bogus"
  ],
  "licenseListVersion": "3.18"
 },
 "dataLicense": "CC0-1.0",
 "documentNamespace": "https://anchore.com/syft/dir/some/path-d2cf5b49-ce38-488e-8519-19ba1c77733f",
 "packages": [
  {
   "SPDXID": "SPDXRef-2a90c3effff7fb4f",
   "name": "package-1",
   "licenseConcluded": "MIT",
   "downloadLocation": "NOASSERTION",
   "externalRefs": [
    {
     "referenceCategory": "SECURITY",
     "referenceLocator": "cpe:2.3:*:some:package:2:*:*:*:*:*:*:*",
     "referenceType": "cpe23Type"
    },
    {
     "referenceCategory": "PACKAGE_MANAGER",
     "referenceLocator": "a-purl-2",
     "referenceType": "purl"
    }
   ],
   "filesAnalyzed": false,
   "licenseDeclared": "MIT",
   "sourceInfo": "acquired package info from installed python package manifest file: /some/path/pkg1",
   "versionInfo": "1.0.1"
  },
  {
   "SPDXID": "SPDXRef-982bd655c9957788",
   "name": "package-2",
   "licenseConcluded": "NONE",
   "downloadLocation": "NOASSERTION",
   "externalRefs": [
    {
     "referenceCategory": "SECURITY",
     "referenceLocator": "cpe:2.3:*:some:package:2:*:*:*:*:*:*:*",
     "referenceType": "cpe23Type"
    },
    {
     "referenceCategory": "PACKAGE_MANAGER",
     "referenceLocator": "pkg:deb/debian/package-2@2.0.1",
     "referenceType": "purl"
    }
   ],
   "filesAnalyzed": false,
   "licenseDeclared": "NONE",
   "sourceInfo": "acquired package info from DPKG DB: /some/path/pkg1",
   "versionInfo": "2.0.1"
  }
 ]
}
