{
 "spdxVersion": "SPDX-2.3",
 "dataLicense": "CC0-1.0",
 "SPDXID": "SPDXRef-DOCUMENT",
 "name": "user-image-input",
 "documentNamespace": "https://anchore.com/syft/image/user-image-input-495ef349-4c46-42e1-b47d-67c567eface9",
 "creationInfo": {
  "licenseListVersion": "3.18",
  "creators": [
   "Organization: Anchore, Inc",
   "Tool: syft-v0.42.0-bogus"
  ],
  "created": "2022-11-04T18:01:32Z",
  "comment": ""
 },
 "packages": [
  {
   "name": "package-1",
   "SPDXID": "SPDXRef-Package-python-package-1-5ffee24fb164cffc",
   "versionInfo": "1.0.1",
   "downloadLocation": "NOASSERTION",
   "sourceInfo": "acquired package info from installed python package manifest file: /somefile-1.txt",
   "licenseConcluded": "MIT",
   "licenseDeclared": "MIT",
   "copyrightText": "NOASSERTION",
   "externalRefs": [
    {
     "referenceCategory": "SECURITY",
     "referenceType": "cpe23Type",
     "referenceLocator": "cpe:2.3:*:some:package:1:*:*:*:*:*:*:*",
     "comment": ""
    },
    {
     "referenceCategory": "PACKAGE-MANAGER",
     "referenceType": "purl",
     "referenceLocator": "a-purl-1",
     "comment": ""
    }
   ],
   "files": [
    {
     "fileName": "",
     "SPDXID": "SPDXRef-5265a4dde3edbf7c",
     "checksums": null,
     "copyrightText": ""
    },
    {
     "fileName": "",
     "SPDXID": "SPDXRef-f9e49132a4b96ccd",
     "checksums": null,
     "copyrightText": ""
    },
    {
     "fileName": "",
     "SPDXID": "SPDXRef-c6f5b29dca12661f",
     "checksums": null,
     "copyrightText": ""
    },
    {
     "fileName": "",
     "SPDXID": "SPDXRef-c641caa71518099f",
     "checksums": null,
     "copyrightText": ""
    },
    {
     "fileName": "",
     "SPDXID": "SPDXRef-839d99ee67d9d174",
     "checksums": null,
     "copyrightText": ""
    },
    {
     "fileName": "",
     "SPDXID": "SPDXRef-9c2f7510199b17f6",
     "checksums": null,
     "copyrightText": ""
    }
   ]
  },
  {
   "name": "package-2",
   "SPDXID": "SPDXRef-Package-deb-package-2-8b16570b2b4155c3",
   "versionInfo": "2.0.1",
   "downloadLocation": "NOASSERTION",
   "sourceInfo": "acquired package info from DPKG DB: /somefile-2.txt",
   "licenseConcluded": "NONE",
   "licenseDeclared": "NONE",
   "copyrightText": "NOASSERTION",
   "externalRefs": [
    {
     "referenceCategory": "SECURITY",
     "referenceType": "cpe23Type",
     "referenceLocator": "cpe:2.3:*:some:package:2:*:*:*:*:*:*:*",
     "comment": ""
    },
    {
     "referenceCategory": "PACKAGE-MANAGER",
     "referenceType": "purl",
     "referenceLocator": "pkg:deb/debian/package-2@2.0.1",
     "comment": ""
    }
   ]
  }
 ],
 "files": [
  {
   "fileName": "/a1/f6",
   "SPDXID": "SPDXRef-9c2f7510199b17f6",
   "fileTypes": [
    "OTHER"
   ],
   "checksums": null,
   "licenseConcluded": "NOASSERTION",
   "copyrightText": ""
  },
  {
   "fileName": "/d1/f3",
   "SPDXID": "SPDXRef-c6f5b29dca12661f",
   "fileTypes": [
    "OTHER"
   ],
   "checksums": null,
   "licenseConcluded": "NOASSERTION",
   "copyrightText": ""
  },
  {
   "fileName": "/d2/f4",
   "SPDXID": "SPDXRef-c641caa71518099f",
   "fileTypes": [
    "OTHER"
   ],
   "checksums": null,
   "licenseConcluded": "NOASSERTION",
   "copyrightText": ""
  },
  {
   "fileName": "/f1",
   "SPDXID": "SPDXRef-5265a4dde3edbf7c",
   "fileTypes": [
    "OTHER"
   ],
   "checksums": null,
   "licenseConcluded": "NOASSERTION",
   "copyrightText": ""
  },
  {
   "fileName": "/f2",
   "SPDXID": "SPDXRef-f9e49132a4b96ccd",
   "fileTypes": [
    "OTHER"
   ],
   "checksums": null,
   "licenseConcluded": "NOASSERTION",
   "copyrightText": ""
  },
  {
   "fileName": "/z1/f5",
   "SPDXID": "SPDXRef-839d99ee67d9d174",
   "fileTypes": [
    "OTHER"
   ],
   "checksums": null,
   "licenseConcluded": "NOASSERTION",
   "copyrightText": ""
  }
 ],
 "relationships": [
  {
   "spdxElementId": "SPDXRef-Package-python-package-1-5ffee24fb164cffc",
   "relatedSpdxElement": "SPDXRef-5265a4dde3edbf7c",
   "relationshipType": "CONTAINS"
  },
  {
   "spdxElementId": "SPDXRef-Package-python-package-1-5ffee24fb164cffc",
   "relatedSpdxElement": "SPDXRef-f9e49132a4b96ccd",
   "relationshipType": "CONTAINS"
  },
  {
   "spdxElementId": "SPDXRef-Package-python-package-1-5ffee24fb164cffc",
   "relatedSpdxElement": "SPDXRef-c6f5b29dca12661f",
   "relationshipType": "CONTAINS"
  },
  {
   "spdxElementId": "SPDXRef-Package-python-package-1-5ffee24fb164cffc",
   "relatedSpdxElement": "SPDXRef-c641caa71518099f",
   "relationshipType": "CONTAINS"
  },
  {
   "spdxElementId": "SPDXRef-Package-python-package-1-5ffee24fb164cffc",
   "relatedSpdxElement": "SPDXRef-839d99ee67d9d174",
   "relationshipType": "CONTAINS"
  },
  {
   "spdxElementId": "SPDXRef-Package-python-package-1-5ffee24fb164cffc",
   "relatedSpdxElement": "SPDXRef-9c2f7510199b17f6",
   "relationshipType": "CONTAINS"
  }
 ]
}
