<?xml version="1.0" encoding="UTF-8"?>
<bom xmlns="http://cyclonedx.org/schema/bom/1.4" serialNumber="urn:uuid:7d05a901-fcf8-401b-b41d-e14439a39cdd" version="1">
  <metadata>
    <timestamp>2022-04-08T23:14:59+08:00</timestamp>
    <tools>
      <tool>
        <vendor>anchore</vendor>
        <name>syft</name>
        <version>v0.42.0-bogus</version>
      </tool>
    </tools>
    <component bom-ref="7ed2d2d27a8f2b13" type="container">
      <name>user-image-input</name>
      <version>sha256:2731251dc34951c0e50fcc643b4c5f74922dad1a5d98f302b504cf46cd5d9368</version>
    </component>
  </metadata>
  <components>
    <component bom-ref="2a46171f91c8d4bc" type="library">
      <name>package-1</name>
      <version>1.0.1</version>
      <licenses>
        <license>
          <id>MIT</id>
        </license>
      </licenses>
      <cpe>cpe:2.3:*:some:package:1:*:*:*:*:*:*:*</cpe>
      <purl>a-purl-1</purl>
      <properties>
        <property name="syft:package:foundBy">the-cataloger-1</property>
        <property name="syft:package:language">python</property>
        <property name="syft:package:metadataType">PythonPackageMetadata</property>
        <property name="syft:package:type">python</property>
        <property name="syft:location:0:layerID">sha256:7f11abb1b83da28ce374f1e6535949b58ba8dd848cb55859b493f839aaa6a85d</property>
        <property name="syft:location:0:path">/somefile-1.txt</property>
      </properties>
    </component>
    <component bom-ref="pkg:deb/debian/package-2@2.0.1?syft-id=ae77680e9b1d087e" type="library">
      <name>package-2</name>
      <version>2.0.1</version>
      <cpe>cpe:2.3:*:some:package:2:*:*:*:*:*:*:*</cpe>
      <purl>pkg:deb/debian/package-2@2.0.1</purl>
      <properties>
        <property name="syft:package:foundBy">the-cataloger-2</property>
        <property name="syft:package:metadataType">DpkgMetadata</property>
        <property name="syft:package:type">deb</property>
        <property name="syft:location:0:layerID">sha256:82cebd2161fac27a7815709eb5167086b5a1391119bdf7c7be27ee1f5a33c942</property>
        <property name="syft:location:0:path">/somefile-2.txt</property>
        <property name="syft:metadata:installedSize">0</property>
      </properties>
    </component>
    <component type="operating-system">
      <name>debian</name>
      <version>1.2.3</version>
      <description>debian</description>
      <swid tagId="debian" name="debian" version="1.2.3"></swid>
      <properties>
        <property name="syft:distro:id">debian</property>
        <property name="syft:distro:idLike:0">like!</property>
        <property name="syft:distro:prettyName">debian</property>
        <property name="syft:distro:versionID">1.2.3</property>
      </properties>
    </component>
  </components>
</bom>