SPDXVersion: SPDX-2.3
DataLicense: CC0-1.0
SPDXID: SPDXRef-DOCUMENT
DocumentName: foobar/baz
DocumentNamespace: https://anchore.com/syft/dir/foobar/baz-0cf4b09e-0f7b-486f-a84d-d0d91620476b
LicenseListVersion: 3.19
Creator: Organization: Anchore, Inc
Creator: Tool: syft-v0.42.0-bogus
Created: 2023-02-13T18:59:10Z

##### Package: @at-sign

PackageName: @at-sign
SPDXID: SPDXRef-Package---at-sign-14c1788ed9aa0270
PackageDownloadLocation: NOASSERTION
FilesAnalyzed: false
PackageSourceInfo: acquired package info from the following paths: 
PackageLicenseConcluded: NONE
PackageLicenseDeclared: NONE
PackageCopyrightText: NOASSERTION

##### Package: some/slashes

PackageName: some/slashes
SPDXID: SPDXRef-Package--some-slashes-5b91aeb05a1fea5e
PackageDownloadLocation: NOASSERTION
FilesAnalyzed: false
PackageSourceInfo: acquired package info from the following paths: 
PackageLicenseConcluded: NONE
PackageLicenseDeclared: NONE
PackageCopyrightText: NOASSERTION

##### Package: under_scores

PackageName: under_scores
SPDXID: SPDXRef-Package--under-scores-111cadb6afff78d4
PackageDownloadLocation: NOASSERTION
FilesAnalyzed: false
PackageSourceInfo: acquired package info from the following paths: 
PackageLicenseConcluded: NONE
PackageLicenseDeclared: NONE
PackageCopyrightText: NOASSERTION

##### Relationships

Relationship: SPDXRef-DOCUMENT DESCRIBES SPDXRef-DOCUMENT

