SPDXVersion: SPDX-2.3
DataLicense: CC0-1.0
SPDXID: SPDXRef-DOCUMENT
DocumentName: user-image-input
DocumentNamespace: https://anchore.com/syft/image/user-image-input-555b1e88-9745-4741-9316-c4f375c0d082
LicenseListVersion: 3.20
Creator: Organization: Anchore, Inc
Creator: Tool: syft-v0.42.0-bogus
Created: 2023-05-03T16:16:53Z

##### Unpackaged files

FileName: /f1
SPDXID: SPDXRef-5265a4dde3edbf7c
FileType: OTHER
FileChecksum: SHA1: 0000000000000000000000000000000000000000
LicenseConcluded: NOASSERTION

FileName: /z1/f5
SPDXID: SPDXRef-839d99ee67d9d174
FileType: OTHER
FileChecksum: SHA1: 0000000000000000000000000000000000000000
LicenseConcluded: NOASSERTION

FileName: /a1/f6
SPDXID: SPDXRef-9c2f7510199b17f6
FileType: OTHER
FileChecksum: SHA1: 0000000000000000000000000000000000000000
LicenseConcluded: NOASSERTION

FileName: /d2/f4
SPDXID: SPDXRef-c641caa71518099f
FileType: OTHER
FileChecksum: SHA1: 0000000000000000000000000000000000000000
LicenseConcluded: NOASSERTION

FileName: /d1/f3
SPDXID: SPDXRef-c6f5b29dca12661f
FileType: OTHER
FileChecksum: SHA1: 0000000000000000000000000000000000000000
LicenseConcluded: NOASSERTION

FileName: /f2
SPDXID: SPDXRef-f9e49132a4b96ccd
FileType: OTHER
FileChecksum: SHA1: 0000000000000000000000000000000000000000
LicenseConcluded: NOASSERTION

##### Package: package-2

PackageName: package-2
SPDXID: SPDXRef-Package-deb-package-2-958443e2d9304af4
PackageVersion: 2.0.1
PackageDownloadLocation: NOASSERTION
FilesAnalyzed: false
PackageSourceInfo: acquired package info from DPKG DB: /somefile-2.txt
PackageLicenseConcluded: NOASSERTION
PackageLicenseDeclared: NOASSERTION
PackageCopyrightText: NOASSERTION
ExternalRef: SECURITY cpe23Type cpe:2.3:*:some:package:2:*:*:*:*:*:*:*
ExternalRef: PACKAGE-MANAGER purl pkg:deb/debian/package-2@2.0.1

##### Package: package-1

PackageName: package-1
SPDXID: SPDXRef-Package-python-package-1-ec2e0c93617507ef
PackageVersion: 1.0.1
PackageDownloadLocation: NOASSERTION
FilesAnalyzed: false
PackageSourceInfo: acquired package info from installed python package manifest file: /somefile-1.txt
PackageLicenseConcluded: NOASSERTION
PackageLicenseDeclared: MIT
PackageCopyrightText: NOASSERTION
ExternalRef: SECURITY cpe23Type cpe:2.3:*:some:package:1:*:*:*:*:*:*:*
ExternalRef: PACKAGE-MANAGER purl a-purl-1

##### Relationships

Relationship: SPDXRef-Package-python-package-1-ec2e0c93617507ef CONTAINS SPDXRef-5265a4dde3edbf7c
Relationship: SPDXRef-Package-python-package-1-ec2e0c93617507ef CONTAINS SPDXRef-839d99ee67d9d174
Relationship: SPDXRef-Package-python-package-1-ec2e0c93617507ef CONTAINS SPDXRef-9c2f7510199b17f6
Relationship: SPDXRef-Package-python-package-1-ec2e0c93617507ef CONTAINS SPDXRef-c641caa71518099f
Relationship: SPDXRef-Package-python-package-1-ec2e0c93617507ef CONTAINS SPDXRef-c6f5b29dca12661f
Relationship: SPDXRef-Package-python-package-1-ec2e0c93617507ef CONTAINS SPDXRef-f9e49132a4b96ccd
Relationship: SPDXRef-DOCUMENT DESCRIBES SPDXRef-DOCUMENT

