SPDXVersion: SPDX-2.3
DataLicense: CC0-1.0
SPDXID: SPDXRef-DOCUMENT
DocumentName: user-image-input
DocumentNamespace: https://anchore.com/syft/image/user-image-input-09477ff1-559a-4e1d-91b9-75d51d4cb73f
LicenseListVersion: 3.20
Creator: Organization: Anchore, Inc
Creator: Tool: syft-v0.42.0-bogus
Created: 2023-04-26T14:21:00Z

##### Package: package-2

PackageName: package-2
SPDXID: SPDXRef-Package-deb-package-2-958443e2d9304af4
PackageVersion: 2.0.1
PackageDownloadLocation: NOASSERTION
FilesAnalyzed: false
PackageSourceInfo: acquired package info from DPKG DB: /somefile-2.txt
PackageLicenseConcluded: NOASSERTION
PackageLicenseDeclared: NOASSERTION
PackageCopyrightText: NOASSERTION
ExternalRef: SECURITY cpe23Type cpe:2.3:*:some:package:2:*:*:*:*:*:*:*
ExternalRef: PACKAGE-MANAGER purl pkg:deb/debian/package-2@2.0.1

##### Package: package-1

PackageName: package-1
SPDXID: SPDXRef-Package-python-package-1-ed77c5cb0567a1a6
PackageVersion: 1.0.1
PackageDownloadLocation: NOASSERTION
FilesAnalyzed: false
PackageSourceInfo: acquired package info from installed python package manifest file: /somefile-1.txt
PackageLicenseConcluded: NOASSERTION
PackageLicenseDeclared: MIT
PackageCopyrightText: NOASSERTION
ExternalRef: SECURITY cpe23Type cpe:2.3:*:some:package:1:*:*:*:*:*:*:*
ExternalRef: PACKAGE-MANAGER purl a-purl-1

##### Relationships

Relationship: SPDXRef-DOCUMENT DESCRIBES SPDXRef-DOCUMENT

