{
 "artifacts": [
  {
   "id": "d16127444133b5c1",
   "name": "package-1",
   "version": "1.0.1",
   "type": "python",
   "foundBy": "the-cataloger-1",
   "locations": [
    {
     "path": "/somefile-1.txt",
     "layerID": "sha256:16e64541f2ddf59a90391ce7bb8af90313f7d373f2105d88f3d3267b72e0ebab"
    }
   ],
   "licenses": [
    "MIT"
   ],
   "language": "python",
   "cpes": [
    "cpe:2.3:*:some:package:1:*:*:*:*:*:*:*"
   ],
   "purl": "a-purl-1",
   "metadataType": "PythonPackageMetadata",
   "metadata": {
    "name": "package-1",
    "version": "1.0.1",
    "license": "",
    "author": "",
    "authorEmail": "",
    "platform": "",
    "sitePackagesRootPath": ""
   }
  },
  {
   "id": "24907357f3705420",
   "name": "package-2",
   "version": "2.0.1",
   "type": "deb",
   "foundBy": "the-cataloger-2",
   "locations": [
    {
     "path": "/somefile-2.txt",
     "layerID": "sha256:de6c235f76ea24c8503ec08891445b5d6a8bdf8249117ed8d8b0b6fb3ebe4f67"
    }
   ],
   "licenses": [],
   "language": "",
   "cpes": [
    "cpe:2.3:*:some:package:2:*:*:*:*:*:*:*"
   ],
   "purl": "a-purl-2",
   "metadataType": "DpkgMetadata",
   "metadata": {
    "package": "package-2",
    "source": "",
    "version": "2.0.1",
    "sourceVersion": "",
    "architecture": "",
    "maintainer": "",
    "installedSize": 0,
    "files": null
   }
  }
 ],
 "artifactRelationships": [],
 "source": {
  "type": "image",
  "target": {
   "userInput": "user-image-input",
   "imageID": "sha256:9624b89704d23fa5f61b427379d172dac91dc7a508c4d7dea7aed0e04a4cf39e",
   "manifestDigest": "sha256:2731251dc34951c0e50fcc643b4c5f74922dad1a5d98f302b504cf46cd5d9368",
   "mediaType": "application/vnd.docker.distribution.manifest.v2+json",
   "tags": [
    "stereoscope-fixture-image-simple:85066c51088bdd274f7a89e99e00490f666c49e72ffc955707cd6e18f0e22c5b"
   ],
   "imageSize": 38,
   "layers": [
    {
     "mediaType": "application/vnd.docker.image.rootfs.diff.tar.gzip",
     "digest": "sha256:16e64541f2ddf59a90391ce7bb8af90313f7d373f2105d88f3d3267b72e0ebab",
     "size": 22
    },
    {
     "mediaType": "application/vnd.docker.image.rootfs.diff.tar.gzip",
     "digest": "sha256:de6c235f76ea24c8503ec08891445b5d6a8bdf8249117ed8d8b0b6fb3ebe4f67",
     "size": 16
    }
   ],
   "manifest": "eyJzY2hlbWFWZXJzaW9uIjoyLCJtZWRpYVR5cGUiOiJhcHBsaWNhdGlvbi92bmQuZG9ja2VyLmRpc3RyaWJ1dGlvbi5tYW5pZmVzdC52Mitqc29uIiwiY29uZmlnIjp7Im1lZGlhVHlwZSI6ImFwcGxpY2F0aW9uL3ZuZC5kb2NrZXIuY29udGFpbmVyLmltYWdlLnYxK2pzb24iLCJzaXplIjo2NjcsImRpZ2VzdCI6InNoYTI1Njo5NjI0Yjg5NzA0ZDIzZmE1ZjYxYjQyNzM3OWQxNzJkYWM5MWRjN2E1MDhjNGQ3ZGVhN2FlZDBlMDRhNGNmMzllIn0sImxheWVycyI6W3sibWVkaWFUeXBlIjoiYXBwbGljYXRpb24vdm5kLmRvY2tlci5pbWFnZS5yb290ZnMuZGlmZi50YXIuZ3ppcCIsInNpemUiOjIwNDgsImRpZ2VzdCI6InNoYTI1NjoxNmU2NDU0MWYyZGRmNTlhOTAzOTFjZTdiYjhhZjkwMzEzZjdkMzczZjIxMDVkODhmM2QzMjY3YjcyZTBlYmFiIn0seyJtZWRpYVR5cGUiOiJhcHBsaWNhdGlvbi92bmQuZG9ja2VyLmltYWdlLnJvb3Rmcy5kaWZmLnRhci5nemlwIiwic2l6ZSI6MjA0OCwiZGlnZXN0Ijoic2hhMjU2OmRlNmMyMzVmNzZlYTI0Yzg1MDNlYzA4ODkxNDQ1YjVkNmE4YmRmODI0OTExN2VkOGQ4YjBiNmZiM2ViZTRmNjcifV19",
   "config": "eyJhcmNoaXRlY3R1cmUiOiJhbWQ2NCIsImNvbmZpZyI6eyJFbnYiOlsiUEFUSD0vdXNyL2xvY2FsL3NiaW46L3Vzci9sb2NhbC9iaW46L3Vzci9zYmluOi91c3IvYmluOi9zYmluOi9iaW4iXSwiV29ya2luZ0RpciI6Ii8iLCJPbkJ1aWxkIjpudWxsfSwiY3JlYXRlZCI6IjIwMjEtMTItMDFUMTI6MTM6NDMuNDAxMzkxNFoiLCJoaXN0b3J5IjpbeyJjcmVhdGVkIjoiMjAyMS0xMi0wMVQxMjoxMzo0My4zNDM2MzQyWiIsImNyZWF0ZWRfYnkiOiJBREQgZmlsZS0xLnR4dCAvc29tZWZpbGUtMS50eHQgIyBidWlsZGtpdCIsImNvbW1lbnQiOiJidWlsZGtpdC5kb2NrZXJmaWxlLnYwIn0seyJjcmVhdGVkIjoiMjAyMS0xMi0wMVQxMjoxMzo0My40MDEzOTE0WiIsImNyZWF0ZWRfYnkiOiJBREQgZmlsZS0yLnR4dCAvc29tZWZpbGUtMi50eHQgIyBidWlsZGtpdCIsImNvbW1lbnQiOiJidWlsZGtpdC5kb2NrZXJmaWxlLnYwIn1dLCJvcyI6ImxpbnV4Iiwicm9vdGZzIjp7InR5cGUiOiJsYXllcnMiLCJkaWZmX2lkcyI6WyJzaGEyNTY6MTZlNjQ1NDFmMmRkZjU5YTkwMzkxY2U3YmI4YWY5MDMxM2Y3ZDM3M2YyMTA1ZDg4ZjNkMzI2N2I3MmUwZWJhYiIsInNoYTI1NjpkZTZjMjM1Zjc2ZWEyNGM4NTAzZWMwODg5MTQ0NWI1ZDZhOGJkZjgyNDkxMTdlZDhkOGIwYjZmYjNlYmU0ZjY3Il19fQ==",
   "repoDigests": []
  }
 },
 "distro": {
  "name": "debian",
  "version": "1.2.3",
  "idLike": "like!"
 },
 "descriptor": {
  "name": "syft",
  "version": "v0.42.0-bogus",
  "configuration": {
   "config-key": "config-value"
  }
 },
 "schema": {
  "version": "2.0.2",
  "url": "https://raw.githubusercontent.com/anchore/syft/main/schema/json/schema-2.0.2.json"
 }
}
