SPDXVersion: SPDX-2.2
DataLicense: CC0-1.0
SPDXID: SPDXRef-DOCUMENT
DocumentName: /some/path
DocumentNamespace: https://anchore.com/syft/dir/some/path-22f5732a-cab0-4376-9b79-15e413049500
LicenseListVersion: 3.15
Creator: Organization: Anchore, Inc
Creator: Tool: syft-[not provided]
Created: 2021-12-01T15:08:43Z

##### Package: package-2

PackageName: package-2
SPDXID: SPDXRef-Package-deb-package-2
PackageVersion: 2.0.1
PackageDownloadLocation: NOASSERTION
FilesAnalyzed: false
PackageLicenseConcluded: NONE
PackageLicenseDeclared: NONE
PackageCopyrightText: NOASSERTION
ExternalRef: SECURITY cpe23Type cpe:2.3:*:some:package:2:*:*:*:*:*:*:*
ExternalRef: PACKAGE_MANAGER purl a-purl-2

##### Package: package-1

PackageName: package-1
SPDXID: SPDXRef-Package-python-package-1
PackageVersion: 1.0.1
PackageDownloadLocation: NOASSERTION
FilesAnalyzed: false
PackageLicenseConcluded: MIT
PackageLicenseDeclared: MIT
PackageCopyrightText: NOASSERTION
ExternalRef: SECURITY cpe23Type cpe:2.3:*:some:package:2:*:*:*:*:*:*:*
ExternalRef: PACKAGE_MANAGER purl a-purl-2

