SPDXVersion: SPDX-2.2
DataLicense: CC0-1.0
SPDXID: SPDXRef-DOCUMENT
DocumentName: user-image-input
DocumentNamespace: https://anchore.com/syft/image/user-image-input-08dedfa0-bf15-426e-9473-f006939c96dc
LicenseListVersion: 3.16
Creator: Organization: Anchore, Inc
Creator: Tool: syft-[not provided]
Created: 2022-03-30T18:57:18Z

##### Package: package-2

PackageName: package-2
SPDXID: SPDXRef-Package-deb-package-2-ae77680e9b1d087e
PackageVersion: 2.0.1
PackageDownloadLocation: NOASSERTION
FilesAnalyzed: false
PackageLicenseConcluded: NONE
PackageLicenseDeclared: NONE
PackageCopyrightText: NOASSERTION
ExternalRef: SECURITY cpe23Type cpe:2.3:*:some:package:2:*:*:*:*:*:*:*
ExternalRef: PACKAGE_MANAGER purl a-purl-2

##### Package: package-1

PackageName: package-1
SPDXID: SPDXRef-Package-python-package-1-2a46171f91c8d4bc
PackageVersion: 1.0.1
PackageDownloadLocation: NOASSERTION
FilesAnalyzed: false
PackageLicenseConcluded: MIT
PackageLicenseDeclared: MIT
PackageCopyrightText: NOASSERTION
ExternalRef: SECURITY cpe23Type cpe:2.3:*:some:package:1:*:*:*:*:*:*:*
ExternalRef: PACKAGE_MANAGER purl a-purl-1

