SPDXVersion: SPDX-2.2
DataLicense: CC0-1.0
SPDXID: SPDXRef-DOCUMENT
DocumentName: /some/path
DocumentNamespace: https://anchore.com/syft/dir/some/path-4b90f56d-d596-4ad8-b6a5-17f7d801350d
LicenseListVersion: 3.16
Creator: Organization: Anchore, Inc
Creator: Tool: syft-[not provided]
Created: 2022-02-10T21:09:27Z

##### Package: package-2

PackageName: package-2
SPDXID: SPDXRef-Package-deb-package-2-ad3d1c4abd84bf75
PackageVersion: 2.0.1
PackageDownloadLocation: NOASSERTION
FilesAnalyzed: false
PackageLicenseConcluded: NONE
PackageLicenseDeclared: NONE
PackageCopyrightText: NOASSERTION
ExternalRef: SECURITY cpe23Type cpe:2.3:*:some:package:2:*:*:*:*:*:*:*
ExternalRef: PACKAGE_MANAGER purl a-purl-2

##### Package: package-1

PackageName: package-1
SPDXID: SPDXRef-Package-python-package-1-1d97af55efe9512f
PackageVersion: 1.0.1
PackageDownloadLocation: NOASSERTION
FilesAnalyzed: false
PackageLicenseConcluded: MIT
PackageLicenseDeclared: MIT
PackageCopyrightText: NOASSERTION
ExternalRef: SECURITY cpe23Type cpe:2.3:*:some:package:2:*:*:*:*:*:*:*
ExternalRef: PACKAGE_MANAGER purl a-purl-2

