[Image]
 Layer:		 0
 Digest:	 sha256:626044c9c04b634ddb1659b81debbeebf312c5e3f2e6e8a693813866aa38a381
 Size:		 22
 MediaType:	 application/vnd.docker.image.rootfs.diff.tar.gzip

 Layer:		 1
 Digest:	 sha256:2e0a2ae163675ae98403ca109fdee95bed2fea62f94e7d013146ac710d77de49
 Size:		 16
 MediaType:	 application/vnd.docker.image.rootfs.diff.tar.gzip

[package-1]
 Version:	 1.0.1
 Type:		 python
 Found by:	 the-cataloger-1

[package-2]
 Version:	 2.0.1
 Type:		 deb
 Found by:	 the-cataloger-2

