{
  "version": 0,
  "job": {},
  "detector": {
    "name": "syft",
    "url": "https://github.com/anchore/syft",
    "version": "v0.42.0-bogus"
  },
  "metadata": {
    "syft:distro": "pkg:generic/debian@1.2.3?like=like!"
  },
  "manifests": {
    "user-image-input:/somefile-1.txt": {
      "name": "user-image-input:/somefile-1.txt",
      "file": {
        "source_location": "user-image-input:/somefile-1.txt"
      },
      "metadata": {
        "syft:filesystem":"redacted"
      },
      "resolved": {
        "": {
          "package_url": "a-purl-1",
          "relationship": "direct",
          "scope": "runtime"
        }
      }
    },
    "user-image-input:/somefile-2.txt": {
      "name": "user-image-input:/somefile-2.txt",
      "file": {
        "source_location": "user-image-input:/somefile-2.txt"
      },
      "metadata": {
        "syft:filesystem":"redacted"
      },
      "resolved": {
        "pkg:deb/debian/package-2@2.0.1": {
          "package_url": "pkg:deb/debian/package-2@2.0.1",
          "relationship": "direct",
          "scope": "runtime"
        }
      }
    }
  },
  "scanned":"redacted"
}
