{
 "spdxVersion": "SPDX-2.3",
 "dataLicense": "CC0-1.0",
 "SPDXID": "SPDXRef-DOCUMENT",
 "name": "/some/path",
 "documentNamespace": "https://anchore.com/syft/dir/some/path-df64dcf1-8330-4b6f-826d-2d6b0f40a1a1",
 "creationInfo": {
  "licenseListVersion": "3.20",
  "creators": [
   "Organization: Anchore, Inc",
   "Tool: syft-v0.42.0-bogus"
  ],
  "created": "2023-04-24T14:38:59Z"
 },
 "packages": [
  {
   "name": "package-1",
   "SPDXID": "SPDXRef-Package-python-package-1-ed5945af814b9a95",
   "versionInfo": "1.0.1",
   "downloadLocation": "NOASSERTION",
   "sourceInfo": "acquired package info from installed python package manifest file: /some/path/pkg1",
   "copyrightText": "NOASSERTION",
   "externalRefs": [
    {
     "referenceCategory": "SECURITY",
     "referenceType": "cpe23Type",
     "referenceLocator": "cpe:2.3:*:some:package:2:*:*:*:*:*:*:*"
    },
    {
     "referenceCategory": "PACKAGE-MANAGER",
     "referenceType": "purl",
     "referenceLocator": "a-purl-2"
    }
   ]
  },
  {
   "name": "package-2",
   "SPDXID": "SPDXRef-Package-deb-package-2-db4abfe497c180d3",
   "versionInfo": "2.0.1",
   "downloadLocation": "NOASSERTION",
   "sourceInfo": "acquired package info from DPKG DB: /some/path/pkg1",
   "copyrightText": "NOASSERTION",
   "externalRefs": [
    {
     "referenceCategory": "SECURITY",
     "referenceType": "cpe23Type",
     "referenceLocator": "cpe:2.3:*:some:package:2:*:*:*:*:*:*:*"
    },
    {
     "referenceCategory": "PACKAGE-MANAGER",
     "referenceType": "purl",
     "referenceLocator": "pkg:deb/debian/package-2@2.0.1"
    }
   ]
  }
 ],
 "relationships": [
  {
   "spdxElementId": "SPDXRef-DOCUMENT",
   "relatedSpdxElement": "SPDXRef-DOCUMENT",
   "relationshipType": "DESCRIBES"
  }
 ]
}
