{"artifacts":[{"name":"package-1","version":"1.0.1","type":"deb","cataloger":"","sources":[{"foundBy":"","effects":[]}],"metadata":null},{"name":"package-2","version":"2.0.1","type":"deb","cataloger":"","sources":[{"foundBy":"","effects":[]}],"metadata":null}],"image":{"layers":[{"mediaType":"","digest":"","size":0},{"mediaType":"","digest":"","size":0},{"mediaType":"","digest":"","size":0}],"size":65,"digest":"sha256:26e4732b961662cd066976b6cadc25f2cedee52db90be26ee7c120d2ff468ef2","mediaType":"application/vnd.docker.distribution.manifest.v2+json","tags":["anchore-fixture-image-simple:04e16e44161c8888a1a963720fd0443cbf7eef8101434c431de8725cd98cc9f7"]},"Source":""}