{"artifacts":[{"name":"package-1","version":"1.0.1","type":"deb","cataloger":"","sources":[{"foundBy":"","effects":[]}]},{"name":"package-2","version":"2.0.1","type":"deb","cataloger":"","sources":[{"foundBy":"","effects":[]}]}],"image":{"layers":[{"mediaType":"","digest":"","size":0},{"mediaType":"","digest":"","size":0},{"mediaType":"","digest":"","size":0}],"size":65,"digest":"sha256:3c53d2d891940f8d8e95acb77b58752f54dc5de9d91d19dd90ced2db76256cea","mediaType":"application/vnd.docker.distribution.manifest.v2+json","tags":["anchore-fixture-image-simple:04e16e44161c8888a1a963720fd0443cbf7eef8101434c431de8725cd98cc9f7"]},"Source":""}