
[TestHandler_handleFetchImage/fetch_image_in_progress - 1]
 ⠋ Loading image                   ━━━━━━━━━━━━━━━━━━━━  [current]                       the-image
---

[TestHandler_handleFetchImage/fetch_image_complete - 1]
 ✔ Loaded image                                                                          the-image
---
