SPDXVersion: SPDX-2.3
DataLicense: CC0-1.0
SPDXID: SPDXRef-DOCUMENT
DocumentName: foobar/baz
DocumentNamespace: redacted
LicenseListVersion: redacted
Creator: Organization: Anchore, Inc
Creator: Tool: syft-v0.42.0-bogus
Created: redacted

##### Package: foobar/baz

PackageName: foobar/baz
SPDXID: SPDXRef-DocumentRoot-Directory-foobar-baz
PackageSupplier: NOASSERTION
PackageDownloadLocation: NOASSERTION
PrimaryPackagePurpose: FILE
FilesAnalyzed: false

##### Package: @at-sign

PackageName: @at-sign
SPDXID: SPDXRef-Package--at-sign-3732f7a5679bdec4
PackageSupplier: NOASSERTION
PackageDownloadLocation: NOASSERTION
FilesAnalyzed: false
PackageSourceInfo: acquired package info from the following paths: 
PackageLicenseConcluded: NOASSERTION
PackageLicenseDeclared: NOASSERTION
PackageCopyrightText: NOASSERTION

##### Package: some/slashes

PackageName: some/slashes
SPDXID: SPDXRef-Package-some-slashes-1345166d4801153b
PackageSupplier: NOASSERTION
PackageDownloadLocation: NOASSERTION
FilesAnalyzed: false
PackageSourceInfo: acquired package info from the following paths: 
PackageLicenseConcluded: NOASSERTION
PackageLicenseDeclared: NOASSERTION
PackageCopyrightText: NOASSERTION

##### Package: under_scores

PackageName: under_scores
SPDXID: SPDXRef-Package-under-scores-290d5c77210978c1
PackageSupplier: NOASSERTION
PackageDownloadLocation: NOASSERTION
FilesAnalyzed: false
PackageSourceInfo: acquired package info from the following paths: 
PackageLicenseConcluded: NOASSERTION
PackageLicenseDeclared: NOASSERTION
PackageCopyrightText: NOASSERTION

##### Relationships

Relationship: SPDXRef-DocumentRoot-Directory-foobar-baz CONTAINS SPDXRef-Package--at-sign-3732f7a5679bdec4
Relationship: SPDXRef-DocumentRoot-Directory-foobar-baz CONTAINS SPDXRef-Package-some-slashes-1345166d4801153b
Relationship: SPDXRef-DocumentRoot-Directory-foobar-baz CONTAINS SPDXRef-Package-under-scores-290d5c77210978c1
Relationship: SPDXRef-DOCUMENT DESCRIBES SPDXRef-DocumentRoot-Directory-foobar-baz

