SPDXVersion: SPDX-2.2
DataLicense: CC0-1.0
SPDXID: SPDXRef-DOCUMENT
DocumentName: .
DocumentNamespace: https://anchore.com/syft/dir/4593d944-756e-49aa-af4e-b1a5acf09b97
LicenseListVersion: 3.18
Creator: Organization: Anchore, Inc
Creator: Tool: syft-v0.42.0-bogus
Created: 2022-10-24T13:53:53Z

##### Package: @at-sign

PackageName: @at-sign
SPDXID: SPDXRef-Package---at-sign-fe69bc18c2698fc4
PackageDownloadLocation: NOASSERTION
FilesAnalyzed: false
PackageLicenseConcluded: NONE
PackageLicenseDeclared: NONE
PackageCopyrightText: NOASSERTION

##### Package: some/slashes

PackageName: some/slashes
SPDXID: SPDXRef-Package--some-slashes-57ed206c09e6e5f4
PackageDownloadLocation: NOASSERTION
FilesAnalyzed: false
PackageLicenseConcluded: NONE
PackageLicenseDeclared: NONE
PackageCopyrightText: NOASSERTION

##### Package: under_scores

PackageName: under_scores
SPDXID: SPDXRef-Package--under-scores-8b7505907fdaf19d
PackageDownloadLocation: NOASSERTION
FilesAnalyzed: false
PackageLicenseConcluded: NONE
PackageLicenseDeclared: NONE
PackageCopyrightText: NOASSERTION

