SPDXVersion: SPDX-2.2
DataLicense: CC0-1.0
SPDXID: SPDXRef-DOCUMENT
DocumentName: .
DocumentNamespace: https://anchore.com/syft/dir/a4820ad7-d106-497f-bda7-e694e9ad1050
LicenseListVersion: 3.18
Creator: Organization: Anchore, Inc
Creator: Tool: syft-v0.42.0-bogus
Created: 2022-11-07T14:11:42Z

##### Package: @at-sign

PackageName: @at-sign
SPDXID: SPDXRef-Package---at-sign-3732f7a5679bdec4
PackageDownloadLocation: NOASSERTION
FilesAnalyzed: false
PackageLicenseConcluded: NONE
PackageLicenseDeclared: NONE
PackageCopyrightText: NOASSERTION

##### Package: some/slashes

PackageName: some/slashes
SPDXID: SPDXRef-Package--some-slashes-1345166d4801153b
PackageDownloadLocation: NOASSERTION
FilesAnalyzed: false
PackageLicenseConcluded: NONE
PackageLicenseDeclared: NONE
PackageCopyrightText: NOASSERTION

##### Package: under_scores

PackageName: under_scores
SPDXID: SPDXRef-Package--under-scores-290d5c77210978c1
PackageDownloadLocation: NOASSERTION
FilesAnalyzed: false
PackageLicenseConcluded: NONE
PackageLicenseDeclared: NONE
PackageCopyrightText: NOASSERTION

