SPDXVersion: SPDX-2.2
DataLicense: CC0-1.0
SPDXID: SPDXRef-DOCUMENT
DocumentName: /some/path
DocumentNamespace: https://anchore.com/syft/dir/some/path-a4e58523-00d0-4135-9d21-cf586fbd340c
LicenseListVersion: 3.18
Creator: Organization: Anchore, Inc
Creator: Tool: syft-v0.42.0-bogus
Created: 2022-10-24T13:53:52Z

##### Package: package-2

PackageName: package-2
SPDXID: SPDXRef-Package-deb-package-2-b8645f4ac2a0891e
PackageVersion: 2.0.1
PackageDownloadLocation: NOASSERTION
FilesAnalyzed: false
PackageLicenseConcluded: NONE
PackageLicenseDeclared: NONE
PackageCopyrightText: NOASSERTION
ExternalRef: SECURITY cpe23Type cpe:2.3:*:some:package:2:*:*:*:*:*:*:*
ExternalRef: PACKAGE_MANAGER purl pkg:deb/debian/package-2@2.0.1

##### Package: package-1

PackageName: package-1
SPDXID: SPDXRef-Package-python-package-1-e624319940d8d36a
PackageVersion: 1.0.1
PackageDownloadLocation: NOASSERTION
FilesAnalyzed: false
PackageLicenseConcluded: MIT
PackageLicenseDeclared: MIT
PackageCopyrightText: NOASSERTION
ExternalRef: SECURITY cpe23Type cpe:2.3:*:some:package:2:*:*:*:*:*:*:*
ExternalRef: PACKAGE_MANAGER purl a-purl-2

