SPDXVersion: SPDX-2.2
DataLicense: CC0-1.0
SPDXID: SPDXRef-DOCUMENT
DocumentName: user-image-input
DocumentNamespace: https://anchore.com/syft/image/user-image-input-02826aec-021e-4f01-9b82-6fa2f830f20a
LicenseListVersion: 3.18
Creator: Organization: Anchore, Inc
Creator: Tool: syft-v0.42.0-bogus
Created: 2022-10-06T01:06:05Z

##### Package: package-2

PackageName: package-2
SPDXID: SPDXRef-Package-deb-package-2-982bd655c9957788
PackageVersion: 2.0.1
PackageDownloadLocation: NOASSERTION
FilesAnalyzed: false
PackageLicenseConcluded: NONE
PackageLicenseDeclared: NONE
PackageCopyrightText: NOASSERTION
ExternalRef: SECURITY cpe23Type cpe:2.3:*:some:package:2:*:*:*:*:*:*:*
ExternalRef: PACKAGE_MANAGER purl pkg:deb/debian/package-2@2.0.1

##### Package: package-1

PackageName: package-1
SPDXID: SPDXRef-Package-python-package-1-2a56b96c604f3ab3
PackageVersion: 1.0.1
PackageDownloadLocation: NOASSERTION
FilesAnalyzed: false
PackageLicenseConcluded: MIT
PackageLicenseDeclared: MIT
PackageCopyrightText: NOASSERTION
ExternalRef: SECURITY cpe23Type cpe:2.3:*:some:package:1:*:*:*:*:*:*:*
ExternalRef: PACKAGE_MANAGER purl a-purl-1

