<?xml version="1.0" encoding="UTF-8"?>
<bom xmlns="http://cyclonedx.org/schema/bom/1.3" serialNumber="urn:uuid:66bda3e1-888a-4d43-b906-7fd96d428753" version="1">
  <metadata>
    <timestamp>2021-12-03T13:16:45-08:00</timestamp>
    <tools>
      <tool>
        <vendor>anchore</vendor>
        <name>syft</name>
        <version>[not provided]</version>
      </tool>
    </tools>
    <component type="container">
      <name>user-image-input</name>
      <version>sha256:2731251dc34951c0e50fcc643b4c5f74922dad1a5d98f302b504cf46cd5d9368</version>
    </component>
    <properties>
      <property name="distroName">debian</property>
      <property name="distroVersion">1.2.3</property>
    </properties>
  </metadata>
  <components>
    <component type="library">
      <name>package-1</name>
      <version>1.0.1</version>
      <licenses>
        <license>
          <name>MIT</name>
        </license>
      </licenses>
      <purl>a-purl-1</purl>
      <properties>
        <property name="path">/somefile-1.txt</property>
        <property name="layerID">sha256:d8fa3ce64b8228215c105c9a307ef852b27bf6075cec407ad54509f0a6121c1a</property>
      </properties>
    </component>
    <component type="library">
      <name>package-2</name>
      <version>2.0.1</version>
      <purl>a-purl-2</purl>
      <properties>
        <property name="source"></property>
        <property name="path">/somefile-2.txt</property>
        <property name="layerID">sha256:a2f67dceefd26123b36e015c60bb458d624a72f752801e9999d5b604764afecd</property>
      </properties>
    </component>
  </components>
</bom>