<?xml version="1.0" encoding="UTF-8"?>
<bom xmlns="http://cyclonedx.org/schema/bom/1.3" serialNumber="urn:uuid:25133adc-01af-46ad-a198-002034e54097" version="1">
  <metadata>
    <timestamp>2022-02-10T17:18:31-05:00</timestamp>
    <tools>
      <tool>
        <vendor>anchore</vendor>
        <name>syft</name>
        <version>[not provided]</version>
      </tool>
    </tools>
    <component bom-ref="163686ac6e30c752" type="file">
      <name>/some/path</name>
      <version></version>
    </component>
  </metadata>
  <components>
    <component type="library">
      <name>package-1</name>
      <version>1.0.1</version>
      <licenses>
        <license>
          <id>MIT</id>
        </license>
      </licenses>
      <cpe>cpe:2.3:*:some:package:2:*:*:*:*:*:*:*</cpe>
      <purl>a-purl-2</purl>
      <properties>
        <property name="foundBy">the-cataloger-1</property>
        <property name="language">python</property>
        <property name="type">python</property>
        <property name="metadataType">PythonPackageMetadata</property>
        <property name="path">/some/path/pkg1</property>
      </properties>
    </component>
    <component type="library">
      <name>package-2</name>
      <version>2.0.1</version>
      <cpe>cpe:2.3:*:some:package:2:*:*:*:*:*:*:*</cpe>
      <purl>a-purl-2</purl>
      <properties>
        <property name="foundBy">the-cataloger-2</property>
        <property name="type">deb</property>
        <property name="metadataType">DpkgMetadata</property>
        <property name="path">/some/path/pkg1</property>
      </properties>
    </component>
    <component type="operating-system">
      <name>debian</name>
      <version>1.2.3</version>
      <description>debian</description>
      <swid tagId="debian" name="debian" version="1.2.3"></swid>
      <properties>
        <property name="prettyName">debian</property>
        <property name="id">debian</property>
        <property name="versionID">1.2.3</property>
      </properties>
    </component>
  </components>
</bom>