<?xml version="1.0" encoding="UTF-8"?>
<bom xmlns="http://cyclonedx.org/schema/bom/1.3" serialNumber="urn:uuid:e702d78f-9372-4458-ac38-be8e80fc3005" version="1">
  <metadata>
    <timestamp>2022-02-10T17:18:31-05:00</timestamp>
    <tools>
      <tool>
        <vendor>anchore</vendor>
        <name>syft</name>
        <version>[not provided]</version>
      </tool>
    </tools>
    <component bom-ref="4f9453fd20e0cf80" type="container">
      <name>user-image-input</name>
      <version>sha256:2731251dc34951c0e50fcc643b4c5f74922dad1a5d98f302b504cf46cd5d9368</version>
    </component>
  </metadata>
  <components>
    <component type="library">
      <name>package-1</name>
      <version>1.0.1</version>
      <licenses>
        <license>
          <id>MIT</id>
        </license>
      </licenses>
      <cpe>cpe:2.3:*:some:package:1:*:*:*:*:*:*:*</cpe>
      <purl>a-purl-1</purl>
      <properties>
        <property name="foundBy">the-cataloger-1</property>
        <property name="language">python</property>
        <property name="type">python</property>
        <property name="metadataType">PythonPackageMetadata</property>
        <property name="path">/somefile-1.txt</property>
        <property name="layerID">sha256:41e7295da66c405eb3a4df29188dcf80f622f9304d487033a86d4a22e3f01abe</property>
      </properties>
    </component>
    <component type="library">
      <name>package-2</name>
      <version>2.0.1</version>
      <cpe>cpe:2.3:*:some:package:2:*:*:*:*:*:*:*</cpe>
      <purl>a-purl-2</purl>
      <properties>
        <property name="foundBy">the-cataloger-2</property>
        <property name="type">deb</property>
        <property name="metadataType">DpkgMetadata</property>
        <property name="path">/somefile-2.txt</property>
        <property name="layerID">sha256:68a2c166dcb3acf6b7303e995ca1fe7d794bd3b5852a0b4048f9c96b796086aa</property>
      </properties>
    </component>
    <component type="operating-system">
      <name>debian</name>
      <version>1.2.3</version>
      <description>debian</description>
      <swid tagId="debian" name="debian" version="1.2.3"></swid>
      <properties>
        <property name="prettyName">debian</property>
        <property name="id">debian</property>
        <property name="versionID">1.2.3</property>
      </properties>
    </component>
  </components>
</bom>