<?xml version="1.0" encoding="UTF-8"?>
<bom xmlns="http://cyclonedx.org/schema/bom/1.3" serialNumber="34b83585-396b-47d5-8e7c-c78eda1fc83d" version="1">
  <metadata>
    <timestamp>2021-11-24T16:03:54-08:00</timestamp>
    <tools>
      <tool>
        <vendor>anchore</vendor>
        <name>syft</name>
        <version>[not provided]</version>
      </tool>
    </tools>
    <component type="container">
      <name>user-image-input</name>
      <version>sha256:2731251dc34951c0e50fcc643b4c5f74922dad1a5d98f302b504cf46cd5d9368</version>
    </component>
  </metadata>
  <components>
    <component type="library">
      <name>package-1</name>
      <version>1.0.1</version>
      <licenses>
        <license>
          <name>MIT</name>
        </license>
      </licenses>
      <purl>a-purl-1</purl>
    </component>
    <component type="library">
      <name>package-2</name>
      <version>2.0.1</version>
      <purl>a-purl-2</purl>
    </component>
  </components>
</bom>