[Image]
 Layer:		 0
 Digest:	 sha256:100d5a55f9032faead28b7427fa3e650e4f0158f86ea89d06e1489df00cb8c6f
 Size:		 22
 MediaType:	 application/vnd.docker.image.rootfs.diff.tar.gzip

 Layer:		 1
 Digest:	 sha256:000fb9200890d3a19138478b20023023c0dce1c54352007c2863716780f049eb
 Size:		 16
 MediaType:	 application/vnd.docker.image.rootfs.diff.tar.gzip

[package-1]
 Version:	 1.0.1
 Type:		 python
 Found by:	 the-cataloger-1

[package-2]
 Version:	 2.0.1
 Type:		 deb
 Found by:	 the-cataloger-2

